../Core/Src/main.c:80:6:displayUpdate	16	static
../Core/Src/main.c:90:6:display	16	static
../Core/Src/main.c:109:6:readTemperature	8	static
../Core/Src/main.c:122:5:main	8	static
../Core/Src/main.c:182:6:SystemClock_Config	88	static
../Core/Src/main.c:229:13:MX_ADC1_Init	24	static
../Core/Src/main.c:281:13:MX_TIM11_Init	8	static
../Core/Src/main.c:312:13:MX_GPIO_Init	48	static
../Core/Src/main.c:375:6:HAL_TIM_PeriodElapsedCallback	16	static
../Core/Src/main.c:392:6:Error_Handler	4	static,ignoring_inline_asm
